Consolidate compiler generated dependencies of target synth
[  2%] Building CXX object CMakeFiles/synth.dir/src/main.cpp.o
[  4%] Building CXX object CMakeFiles/synth.dir/src/synth.cpp.o
In file included from /usr/include/c++/11/vector:66,
                 from /srv/storage/Dropbox/_brian-varren/the-last-node/wakefield/src/synth.h:5,
                 from /srv/storage/Dropbox/_brian-varren/the-last-node/wakefield/src/synth.cpp:1:
/usr/include/c++/11/bits/stl_uninitialized.h: In instantiation of ‘_ForwardIterator std::uninitialized_copy(_InputIterator, _InputIterator, _ForwardIterator) [with _InputIterator = std::move_iterator<Voice*>; _ForwardIterator = Voice*]’:
/usr/include/c++/11/bits/stl_uninitialized.h:333:37:   required from ‘_ForwardIterator std::__uninitialized_copy_a(_InputIterator, _InputIterator, _ForwardIterator, std::allocator<_Tp>&) [with _InputIterator = std::move_iterator<Voice*>; _ForwardIterator = Voice*; _Tp = Voice]’
/usr/include/c++/11/bits/stl_uninitialized.h:355:2:   required from ‘_ForwardIterator std::__uninitialized_move_if_noexcept_a(_InputIterator, _InputIterator, _ForwardIterator, _Allocator&) [with _InputIterator = Voice*; _ForwardIterator = Voice*; _Allocator = std::allocator<Voice>]’
/usr/include/c++/11/bits/vector.tcc:474:3:   required from ‘void std::vector<_Tp, _Alloc>::_M_realloc_insert(std::vector<_Tp, _Alloc>::iterator, _Args&& ...) [with _Args = {float&}; _Tp = Voice; _Alloc = std::allocator<Voice>; std::vector<_Tp, _Alloc>::iterator = std::vector<Voice>::iterator]’
/usr/include/c++/11/bits/vector.tcc:121:21:   required from ‘std::vector<_Tp, _Alloc>::reference std::vector<_Tp, _Alloc>::emplace_back(_Args&& ...) [with _Args = {float&}; _Tp = Voice; _Alloc = std::allocator<Voice>; std::vector<_Tp, _Alloc>::reference = Voice&]’
/srv/storage/Dropbox/_brian-varren/the-last-node/wakefield/src/synth.cpp:37:28:   required from here
/usr/include/c++/11/bits/stl_uninitialized.h:138:72: error: static assertion failed: result type must be constructible from value type of input range
  138 |       static_assert(is_constructible<_ValueType2, decltype(*__first)>::value,
      |                                                                        ^~~~~
/usr/include/c++/11/bits/stl_uninitialized.h:138:72: note: ‘std::integral_constant<bool, false>::value’ evaluates to false
gmake[2]: *** [CMakeFiles/synth.dir/build.make:90: CMakeFiles/synth.dir/src/synth.cpp.o] Error 1
gmake[1]: *** [CMakeFiles/Makefile2:83: CMakeFiles/synth.dir/all] Error 2
gmake: *** [Makefile:91: all] Error 2
Consolidate compiler generated dependencies of target synth
[  2%] Building CXX object CMakeFiles/synth.dir/src/main.cpp.o
[  4%] Building CXX object CMakeFiles/synth.dir/src/synth.cpp.o
[  6%] Building CXX object CMakeFiles/synth.dir/src/midi.cpp.o
[  8%] Building CXX object CMakeFiles/synth.dir/src/voice.cpp.o
[ 10%] Building CXX object CMakeFiles/synth.dir/src/preset.cpp.o
[ 12%] Building CXX object CMakeFiles/synth.dir/src/sequencer.cpp.o
[ 14%] Building CXX object CMakeFiles/synth.dir/src/sampler.cpp.o
[ 16%] Building CXX object CMakeFiles/synth.dir/src/ui.cpp.o
[ 18%] Building CXX object CMakeFiles/synth.dir/src/ui/ui_core.cpp.o
[ 20%] Building CXX object CMakeFiles/synth.dir/src/ui/ui_parameters.cpp.o
[ 22%] Building CXX object CMakeFiles/synth.dir/src/ui/ui_presets.cpp.o
[ 24%] Building CXX object CMakeFiles/synth.dir/src/ui/ui_help.cpp.o
[ 26%] Building CXX object CMakeFiles/synth.dir/src/ui/ui_input.cpp.o
[ 28%] Building CXX object CMakeFiles/synth.dir/src/ui/ui_drawing.cpp.o
[ 30%] Building CXX object CMakeFiles/synth.dir/src/ui/ui_mod.cpp.o
[ 32%] Building CXX object CMakeFiles/synth.dir/src/ui/ui_sample_browser.cpp.o
[ 34%] Building CXX object CMakeFiles/synth.dir/src/ui/pages/ui_page_parameters.cpp.o
[ 36%] Building CXX object CMakeFiles/synth.dir/src/ui/pages/ui_page_oscillator.cpp.o
[ 38%] Building CXX object CMakeFiles/synth.dir/src/ui/pages/ui_page_sampler.cpp.o
[ 40%] Building CXX object CMakeFiles/synth.dir/src/ui/pages/ui_page_mixer.cpp.o
[ 42%] Building CXX object CMakeFiles/synth.dir/src/ui/pages/ui_page_lfo.cpp.o
[ 44%] Building CXX object CMakeFiles/synth.dir/src/ui/pages/ui_page_envelope.cpp.o
[ 46%] Building CXX object CMakeFiles/synth.dir/src/ui/pages/ui_page_fm.cpp.o
[ 48%] Building CXX object CMakeFiles/synth.dir/src/ui/pages/ui_page_mod.cpp.o
[ 50%] Building CXX object CMakeFiles/synth.dir/src/ui/pages/ui_page_reverb.cpp.o
[ 52%] Building CXX object CMakeFiles/synth.dir/src/ui/pages/ui_page_filter.cpp.o
[ 54%] Building CXX object CMakeFiles/synth.dir/src/ui/pages/ui_page_chaos.cpp.o
[ 56%] Building CXX object CMakeFiles/synth.dir/src/ui/pages/ui_page_config.cpp.o
[ 58%] Building CXX object CMakeFiles/synth.dir/src/ui/sequencer/ui_sequencer_state.cpp.o
[ 60%] Building CXX object CMakeFiles/synth.dir/src/ui/sequencer/ui_sequencer_drawing.cpp.o
[ 62%] Building CXX object CMakeFiles/synth.dir/src/ui/sequencer/ui_sequencer_fields.cpp.o
[ 64%] Building CXX object CMakeFiles/synth.dir/src/ui/sequencer/ui_sequencer_actions.cpp.o
[ 66%] Building CXX object CMakeFiles/synth.dir/src/ui/sequencer/ui_sequencer_input.cpp.o
[ 68%] Linking CXX executable synth
[100%] Built target synth
